2026-06-16 13:46:05 | starting backup of /home/se-chheng-sokuntheary/os-lab-automation/project
2026-06-16 13:46:05 | created archive /home/se-chheng-sokuntheary/os-lab-automation/backups/project_20260616_134605.tar.gz
2026-06-16 13:46:05 | no old archives to prune
2026-06-16 13:46:05 | backup finished successfully
2026-06-16 13:46:13 | starting backup of /home/se-chheng-sokuntheary/os-lab-automation/project
2026-06-16 13:46:13 | created archive /home/se-chheng-sokuntheary/os-lab-automation/backups/project_20260616_134613.tar.gz
2026-06-16 13:46:13 | no old archives to prune
2026-06-16 13:46:13 | backup finished successfully
2026-06-16 13:46:16 | starting backup of /home/se-chheng-sokuntheary/os-lab-automation/project
2026-06-16 13:46:16 | created archive /home/se-chheng-sokuntheary/os-lab-automation/backups/project_20260616_134616.tar.gz
2026-06-16 13:46:16 | no old archives to prune
2026-06-16 13:46:16 | backup finished successfully
2026-06-16 13:46:20 | starting backup of /home/se-chheng-sokuntheary/os-lab-automation/project
2026-06-16 13:46:20 | created archive /home/se-chheng-sokuntheary/os-lab-automation/backups/project_20260616_134620.tar.gz
2026-06-16 13:46:20 | pruned old archive /home/se-chheng-sokuntheary/os-lab-automation/backups/project_20260616_134605.tar.gz
2026-06-16 13:46:20 | backup finished successfully
2026-06-16 14:12:01 | starting backup of /home/se-chheng-sokuntheary/os-lab-automation/project
2026-06-16 14:12:01 | created archive /home/se-chheng-sokuntheary/os-lab-automation/backups/project_20260616_141201.tar.gz
2026-06-16 14:12:01 | pruned old archive /home/se-chheng-sokuntheary/os-lab-automation/backups/project_20260616_134613.tar.gz
2026-06-16 14:12:01 | backup finished successfully
2026-06-16 14:14:01 | starting backup of /home/se-chheng-sokuntheary/os-lab-automation/project
2026-06-16 14:14:01 | created archive /home/se-chheng-sokuntheary/os-lab-automation/backups/project_20260616_141401.tar.gz
2026-06-16 14:14:01 | pruned old archive /home/se-chheng-sokuntheary/os-lab-automation/backups/project_20260616_134616.tar.gz
2026-06-16 14:14:01 | backup finished successfully
2026-06-16 14:16:01 | starting backup of /home/se-chheng-sokuntheary/os-lab-automation/project
2026-06-16 14:16:01 | created archive /home/se-chheng-sokuntheary/os-lab-automation/backups/project_20260616_141601.tar.gz
2026-06-16 14:16:01 | pruned old archive /home/se-chheng-sokuntheary/os-lab-automation/backups/project_20260616_134620.tar.gz
2026-06-16 14:16:01 | backup finished successfully
2026-06-16 14:18:01 | starting backup of /home/se-chheng-sokuntheary/os-lab-automation/project
2026-06-16 14:18:01 | created archive /home/se-chheng-sokuntheary/os-lab-automation/backups/project_20260616_141801.tar.gz
2026-06-16 14:18:01 | pruned old archive /home/se-chheng-sokuntheary/os-lab-automation/backups/project_20260616_141201.tar.gz
2026-06-16 14:18:01 | backup finished successfully
2026-06-16 14:20:01 | starting backup of /home/se-chheng-sokuntheary/os-lab-automation/project
2026-06-16 14:20:01 | created archive /home/se-chheng-sokuntheary/os-lab-automation/backups/project_20260616_142001.tar.gz
2026-06-16 14:20:01 | pruned old archive /home/se-chheng-sokuntheary/os-lab-automation/backups/project_20260616_141401.tar.gz
2026-06-16 14:20:01 | backup finished successfully
2026-06-16 14:22:01 | starting backup of /home/se-chheng-sokuntheary/os-lab-automation/project
2026-06-16 14:22:01 | created archive /home/se-chheng-sokuntheary/os-lab-automation/backups/project_20260616_142201.tar.gz
2026-06-16 14:22:01 | pruned old archive /home/se-chheng-sokuntheary/os-lab-automation/backups/project_20260616_141601.tar.gz
2026-06-16 14:22:01 | backup finished successfully
2026-06-16 14:24:01 | starting backup of /home/se-chheng-sokuntheary/os-lab-automation/project
2026-06-16 14:24:01 | created archive /home/se-chheng-sokuntheary/os-lab-automation/backups/project_20260616_142401.tar.gz
2026-06-16 14:24:01 | pruned old archive /home/se-chheng-sokuntheary/os-lab-automation/backups/project_20260616_141801.tar.gz
2026-06-16 14:24:01 | backup finished successfully
2026-06-16 14:26:01 | starting backup of /home/se-chheng-sokuntheary/os-lab-automation/project
2026-06-16 14:26:01 | created archive /home/se-chheng-sokuntheary/os-lab-automation/backups/project_20260616_142601.tar.gz
2026-06-16 14:26:01 | pruned old archive /home/se-chheng-sokuntheary/os-lab-automation/backups/project_20260616_142001.tar.gz
2026-06-16 14:26:01 | backup finished successfully
2026-06-16 14:28:01 | starting backup of /home/se-chheng-sokuntheary/os-lab-automation/project
2026-06-16 14:28:01 | created archive /home/se-chheng-sokuntheary/os-lab-automation/backups/project_20260616_142801.tar.gz
2026-06-16 14:28:01 | pruned old archive /home/se-chheng-sokuntheary/os-lab-automation/backups/project_20260616_142201.tar.gz
2026-06-16 14:28:01 | backup finished successfully
2026-06-16 14:30:02 | starting backup of /home/se-chheng-sokuntheary/os-lab-automation/project
2026-06-16 14:30:02 | created archive /home/se-chheng-sokuntheary/os-lab-automation/backups/project_20260616_143002.tar.gz
2026-06-16 14:30:02 | pruned old archive /home/se-chheng-sokuntheary/os-lab-automation/backups/project_20260616_142401.tar.gz
2026-06-16 14:30:02 | backup finished successfully
2026-06-16 14:32:01 | starting backup of /home/se-chheng-sokuntheary/os-lab-automation/project
2026-06-16 14:32:01 | created archive /home/se-chheng-sokuntheary/os-lab-automation/backups/project_20260616_143201.tar.gz
2026-06-16 14:32:01 | pruned old archive /home/se-chheng-sokuntheary/os-lab-automation/backups/project_20260616_142601.tar.gz
2026-06-16 14:32:01 | backup finished successfully
