----- health check at 2026-06-16 14:22:03 -----
disk usage of home : 5%
my processes       : 10
load / uptime      :  14:22:03 up 21 days, 21:52, 27 users,  load average: 0.41, 0.37, 0.31
logs rotated       : 0
status             : OK (below 90% threshold)
----- health check at 2026-06-16 14:24:01 -----
disk usage of home : 5%
my processes       : 11
load / uptime      :  14:24:01 up 21 days, 21:54, 28 users,  load average: 0.25, 0.33, 0.30
logs rotated       : 0
status             : OK (below 90% threshold)
----- health check at 2026-06-16 14:26:01 -----
disk usage of home : 5%
my processes       : 11
load / uptime      :  14:26:01 up 21 days, 21:56, 30 users,  load average: 0.46, 0.36, 0.31
logs rotated       : 0
status             : OK (below 90% threshold)
----- health check at 2026-06-16 14:28:01 -----
disk usage of home : 5%
my processes       : 11
load / uptime      :  14:28:01 up 21 days, 21:58, 31 users,  load average: 0.34, 0.32, 0.30
logs rotated       : 0
status             : OK (below 90% threshold)
----- health check at 2026-06-16 14:30:02 -----
disk usage of home : 5%
my processes       : 11
load / uptime      :  14:30:02 up 21 days, 22:00, 30 users,  load average: 0.48, 0.36, 0.31
logs rotated       : 0
status             : OK (below 90% threshold)
----- health check at 2026-06-16 14:32:01 -----
disk usage of home : 5%
my processes       : 11
load / uptime      :  14:32:01 up 21 days, 22:02, 31 users,  load average: 0.33, 0.35, 0.31
logs rotated       : 0
status             : OK (below 90% threshold)
